<?xml version="1.0" encoding="UTF-8"?>
<TestRun id="5b1ca8be-3000-49a8-a77b-8cbe49857f5b" name="Brian@BRIAN-PC 2014-01-28 00:02:22" runUser="Brian-PC\Brian" xmlns="http://microsoft.com/schemas/VisualStudio/TeamTest/2010">
  <TestSettings name="Default Test Settings" id="ee705d6d-a282-42ec-a338-66524a84084a">
    <Deployment runDeploymentRoot="Brian_BRIAN-PC 2014-01-28 00_02_22">
      <DeploymentItem filename="C:\Users\Brian\Documents\GitHub\UAVLandingSYS_Ship\ShipImplementation\Temp\bin\Debug\Assembly-CSharp.dll" />
    </Deployment>
    <Execution>
      <TestTypeSpecific />
      <AgentRule name="Execution Agents">
      </AgentRule>
    </Execution>
  </TestSettings>
  <Times creation="2014-01-28T00:02:22.6564155+00:00" queuing="2014-01-28T00:02:24.7805370+00:00" start="2014-01-28T00:02:24.9595473+00:00" finish="2014-01-28T00:02:26.4156306+00:00" />
  <ResultSummary outcome="Warning">
    <Counters total="12" executed="12" passed="12" error="0" failed="0" timeout="0" aborted="0" inconclusive="0" passedButRunAborted="0" notRunnable="0" notExecuted="0" disconnected="0" warning="0" completed="0" inProgress="0" pending="0" />
    <RunInfos>
      <RunInfo computerName="BRIAN-PC" outcome="Warning" timestamp="2014-01-28T00:02:23.9244881+00:00">
        <Text>Warning: Test Run deployment issue: The assembly or module 'Mono.Security' directly or indirectly referenced by the test container 'c:\users\brian\documents\github\uavlandingsys_ship\shipimplementation\testbusinesslayer\bin\debug\testbusinesslayer.dll' was not found.</Text>
      </RunInfo>
    </RunInfos>
  </ResultSummary>
  <TestDefinitions>
    <UnitTest name="TestSelectRangeForWavelength_S_S_Three" storage="c:\users\brian\documents\github\uavlandingsys_ship\shipimplementation\testbusinesslayer\bin\debug\testbusinesslayer.dll" id="c7eb11d7-a8bb-ec7a-7171-79db4643b703">
      <Execution id="a11e2c36-3b18-46a8-9c89-25ce4e0f263f" />
      <TestMethod codeBase="C:/Users/Brian/Documents/GitHub/UAVLandingSYS_Ship/ShipImplementation/TestBusinessLayer/bin/Debug/TestBusinessLayer.DLL" adapterTypeName="Microsoft.VisualStudio.TestTools.TestTypes.Unit.UnitTestAdapter, Microsoft.VisualStudio.QualityTools.Tips.UnitTest.Adapter, Version=10.0.0.0, Culture=neutral, PublicKeyToken=b03f5f7f11d50a3a" className="TestBusinessLayer.TestSeaStateThree, TestBusinessLayer, Version=1.0.0.0, Culture=neutral, PublicKeyToken=null" name="TestSelectRangeForWavelength_S_S_Three" />
    </UnitTest>
    <UnitTest name="TestCalculateRelativeSpeed_Setup1" storage="c:\users\brian\documents\github\uavlandingsys_ship\shipimplementation\testbusinesslayer\bin\debug\testbusinesslayer.dll" id="46e319cb-0421-1f4a-1056-db72b3993834">
      <Execution id="cb742cc6-f609-4659-a734-84f4ba56c8be" />
      <TestMethod codeBase="C:/Users/Brian/Documents/GitHub/UAVLandingSYS_Ship/ShipImplementation/TestBusinessLayer/bin/Debug/TestBusinessLayer.DLL" adapterTypeName="Microsoft.VisualStudio.TestTools.TestTypes.Unit.UnitTestAdapter, Microsoft.VisualStudio.QualityTools.Tips.UnitTest.Adapter, Version=10.0.0.0, Culture=neutral, PublicKeyToken=b03f5f7f11d50a3a" className="TestBusinessLayer.TestShipMotion, TestBusinessLayer, Version=1.0.0.0, Culture=neutral, PublicKeyToken=null" name="TestCalculateRelativeSpeed_Setup1" />
    </UnitTest>
    <UnitTest name="TestSelectRangeForWavelength_S_S_Six" storage="c:\users\brian\documents\github\uavlandingsys_ship\shipimplementation\testbusinesslayer\bin\debug\testbusinesslayer.dll" id="9b66693b-2e2e-0f82-0a04-afeb92bfcc12">
      <Execution id="3aca9006-6f68-4248-a3b7-ae5aea475dc3" />
      <TestMethod codeBase="C:/Users/Brian/Documents/GitHub/UAVLandingSYS_Ship/ShipImplementation/TestBusinessLayer/bin/Debug/TestBusinessLayer.DLL" adapterTypeName="Microsoft.VisualStudio.TestTools.TestTypes.Unit.UnitTestAdapter, Microsoft.VisualStudio.QualityTools.Tips.UnitTest.Adapter, Version=10.0.0.0, Culture=neutral, PublicKeyToken=b03f5f7f11d50a3a" className="TestBusinessLayer.TestSeaStateSix, TestBusinessLayer, Version=1.0.0.0, Culture=neutral, PublicKeyToken=null" name="TestSelectRangeForWavelength_S_S_Six" />
    </UnitTest>
    <UnitTest name="TestSelectRangeForWaveSpeed_S_S_Six" storage="c:\users\brian\documents\github\uavlandingsys_ship\shipimplementation\testbusinesslayer\bin\debug\testbusinesslayer.dll" id="86d25d44-6224-9cbc-ea89-23988cb4614f">
      <Execution id="e49a8a57-b6fd-4782-bb9f-ad513f35b513" />
      <TestMethod codeBase="C:/Users/Brian/Documents/GitHub/UAVLandingSYS_Ship/ShipImplementation/TestBusinessLayer/bin/Debug/TestBusinessLayer.DLL" adapterTypeName="Microsoft.VisualStudio.TestTools.TestTypes.Unit.UnitTestAdapter, Microsoft.VisualStudio.QualityTools.Tips.UnitTest.Adapter, Version=10.0.0.0, Culture=neutral, PublicKeyToken=b03f5f7f11d50a3a" className="TestBusinessLayer.TestSeaStateSix, TestBusinessLayer, Version=1.0.0.0, Culture=neutral, PublicKeyToken=null" name="TestSelectRangeForWaveSpeed_S_S_Six" />
    </UnitTest>
    <UnitTest name="TestNewWaveStatistics_S_S_Zero" storage="c:\users\brian\documents\github\uavlandingsys_ship\shipimplementation\testbusinesslayer\bin\debug\testbusinesslayer.dll" id="ba7c1cb3-1ba5-8eb4-5fbe-89a321332816">
      <Execution id="4f1a9377-9eb9-4f6e-a6f0-472f82fb95db" />
      <TestMethod codeBase="C:/Users/Brian/Documents/GitHub/UAVLandingSYS_Ship/ShipImplementation/TestBusinessLayer/bin/Debug/TestBusinessLayer.DLL" adapterTypeName="Microsoft.VisualStudio.TestTools.TestTypes.Unit.UnitTestAdapter, Microsoft.VisualStudio.QualityTools.Tips.UnitTest.Adapter, Version=10.0.0.0, Culture=neutral, PublicKeyToken=b03f5f7f11d50a3a" className="TestBusinessLayer.TestSeaStateZero, TestBusinessLayer, Version=1.0.0.0, Culture=neutral, PublicKeyToken=null" name="TestNewWaveStatistics_S_S_Zero" />
    </UnitTest>
    <UnitTest name="TestSelectRangeForHeight_S_S_Three" storage="c:\users\brian\documents\github\uavlandingsys_ship\shipimplementation\testbusinesslayer\bin\debug\testbusinesslayer.dll" id="9b959c35-2cab-9812-b76a-d7da18059ebd">
      <Execution id="8153a569-9b44-4ddb-bdf3-9884c2f18cc5" />
      <TestMethod codeBase="C:/Users/Brian/Documents/GitHub/UAVLandingSYS_Ship/ShipImplementation/TestBusinessLayer/bin/Debug/TestBusinessLayer.DLL" adapterTypeName="Microsoft.VisualStudio.TestTools.TestTypes.Unit.UnitTestAdapter, Microsoft.VisualStudio.QualityTools.Tips.UnitTest.Adapter, Version=10.0.0.0, Culture=neutral, PublicKeyToken=b03f5f7f11d50a3a" className="TestBusinessLayer.TestSeaStateThree, TestBusinessLayer, Version=1.0.0.0, Culture=neutral, PublicKeyToken=null" name="TestSelectRangeForHeight_S_S_Three" />
    </UnitTest>
    <UnitTest name="TestCalculateRelativeSpeed_Setup3" storage="c:\users\brian\documents\github\uavlandingsys_ship\shipimplementation\testbusinesslayer\bin\debug\testbusinesslayer.dll" id="20261552-5441-6ecc-2652-f1a79670a0bf">
      <Execution id="92325a5a-7aa6-4eec-b7c2-ac2add3ba721" />
      <TestMethod codeBase="C:/Users/Brian/Documents/GitHub/UAVLandingSYS_Ship/ShipImplementation/TestBusinessLayer/bin/Debug/TestBusinessLayer.DLL" adapterTypeName="Microsoft.VisualStudio.TestTools.TestTypes.Unit.UnitTestAdapter, Microsoft.VisualStudio.QualityTools.Tips.UnitTest.Adapter, Version=10.0.0.0, Culture=neutral, PublicKeyToken=b03f5f7f11d50a3a" className="TestBusinessLayer.TestShipMotion, TestBusinessLayer, Version=1.0.0.0, Culture=neutral, PublicKeyToken=null" name="TestCalculateRelativeSpeed_Setup3" />
    </UnitTest>
    <UnitTest name="TestCalculateRelativeSpeed_Setup2" storage="c:\users\brian\documents\github\uavlandingsys_ship\shipimplementation\testbusinesslayer\bin\debug\testbusinesslayer.dll" id="20bd8ded-b914-b75f-d4b4-8459a2dc5256">
      <Execution id="ae48af95-f721-4077-af95-941ea96eeab5" />
      <TestMethod codeBase="C:/Users/Brian/Documents/GitHub/UAVLandingSYS_Ship/ShipImplementation/TestBusinessLayer/bin/Debug/TestBusinessLayer.DLL" adapterTypeName="Microsoft.VisualStudio.TestTools.TestTypes.Unit.UnitTestAdapter, Microsoft.VisualStudio.QualityTools.Tips.UnitTest.Adapter, Version=10.0.0.0, Culture=neutral, PublicKeyToken=b03f5f7f11d50a3a" className="TestBusinessLayer.TestShipMotion, TestBusinessLayer, Version=1.0.0.0, Culture=neutral, PublicKeyToken=null" name="TestCalculateRelativeSpeed_Setup2" />
    </UnitTest>
    <UnitTest name="TestNewWaveStatistics_S_S_Three" storage="c:\users\brian\documents\github\uavlandingsys_ship\shipimplementation\testbusinesslayer\bin\debug\testbusinesslayer.dll" id="3b006128-2948-cf76-86ec-98d93a379191">
      <Execution id="0ea59451-9c4c-4353-979d-b515a25b6685" />
      <TestMethod codeBase="C:/Users/Brian/Documents/GitHub/UAVLandingSYS_Ship/ShipImplementation/TestBusinessLayer/bin/Debug/TestBusinessLayer.DLL" adapterTypeName="Microsoft.VisualStudio.TestTools.TestTypes.Unit.UnitTestAdapter, Microsoft.VisualStudio.QualityTools.Tips.UnitTest.Adapter, Version=10.0.0.0, Culture=neutral, PublicKeyToken=b03f5f7f11d50a3a" className="TestBusinessLayer.TestSeaStateThree, TestBusinessLayer, Version=1.0.0.0, Culture=neutral, PublicKeyToken=null" name="TestNewWaveStatistics_S_S_Three" />
    </UnitTest>
    <UnitTest name="TestSelectRangeForWaveSpeed_S_S_Three" storage="c:\users\brian\documents\github\uavlandingsys_ship\shipimplementation\testbusinesslayer\bin\debug\testbusinesslayer.dll" id="e90202cf-a8be-6544-8cde-0df3d0349c09">
      <Execution id="485c2227-8c28-4d4c-8d30-727434e702e3" />
      <TestMethod codeBase="C:/Users/Brian/Documents/GitHub/UAVLandingSYS_Ship/ShipImplementation/TestBusinessLayer/bin/Debug/TestBusinessLayer.DLL" adapterTypeName="Microsoft.VisualStudio.TestTools.TestTypes.Unit.UnitTestAdapter, Microsoft.VisualStudio.QualityTools.Tips.UnitTest.Adapter, Version=10.0.0.0, Culture=neutral, PublicKeyToken=b03f5f7f11d50a3a" className="TestBusinessLayer.TestSeaStateThree, TestBusinessLayer, Version=1.0.0.0, Culture=neutral, PublicKeyToken=null" name="TestSelectRangeForWaveSpeed_S_S_Three" />
    </UnitTest>
    <UnitTest name="TestNewWaveStatistics_S_S_Six" storage="c:\users\brian\documents\github\uavlandingsys_ship\shipimplementation\testbusinesslayer\bin\debug\testbusinesslayer.dll" id="6d4e09cf-9c1d-1e55-03c9-60251b84bbef">
      <Execution id="86eb053a-7ed6-4420-be45-048fbac6d309" />
      <TestMethod codeBase="C:/Users/Brian/Documents/GitHub/UAVLandingSYS_Ship/ShipImplementation/TestBusinessLayer/bin/Debug/TestBusinessLayer.DLL" adapterTypeName="Microsoft.VisualStudio.TestTools.TestTypes.Unit.UnitTestAdapter, Microsoft.VisualStudio.QualityTools.Tips.UnitTest.Adapter, Version=10.0.0.0, Culture=neutral, PublicKeyToken=b03f5f7f11d50a3a" className="TestBusinessLayer.TestSeaStateSix, TestBusinessLayer, Version=1.0.0.0, Culture=neutral, PublicKeyToken=null" name="TestNewWaveStatistics_S_S_Six" />
    </UnitTest>
    <UnitTest name="TestSelectRangeForHeight_S_S_Six" storage="c:\users\brian\documents\github\uavlandingsys_ship\shipimplementation\testbusinesslayer\bin\debug\testbusinesslayer.dll" id="6ce7f7e1-fe3e-e084-3778-479f90467b88">
      <Execution id="2b43a211-019a-4970-8c48-a7bc33826bef" />
      <TestMethod codeBase="C:/Users/Brian/Documents/GitHub/UAVLandingSYS_Ship/ShipImplementation/TestBusinessLayer/bin/Debug/TestBusinessLayer.DLL" adapterTypeName="Microsoft.VisualStudio.TestTools.TestTypes.Unit.UnitTestAdapter, Microsoft.VisualStudio.QualityTools.Tips.UnitTest.Adapter, Version=10.0.0.0, Culture=neutral, PublicKeyToken=b03f5f7f11d50a3a" className="TestBusinessLayer.TestSeaStateSix, TestBusinessLayer, Version=1.0.0.0, Culture=neutral, PublicKeyToken=null" name="TestSelectRangeForHeight_S_S_Six" />
    </UnitTest>
  </TestDefinitions>
  <TestLists>
    <TestList name="Results Not in a List" id="8c84fa94-04c1-424b-9868-57a2d4851a1d" />
    <TestList name="All Loaded Results" id="19431567-8539-422a-85d7-44ee4e166bda" />
  </TestLists>
  <TestEntries>
    <TestEntry testId="20261552-5441-6ecc-2652-f1a79670a0bf" executionId="92325a5a-7aa6-4eec-b7c2-ac2add3ba721" testListId="8c84fa94-04c1-424b-9868-57a2d4851a1d" />
    <TestEntry testId="20bd8ded-b914-b75f-d4b4-8459a2dc5256" executionId="ae48af95-f721-4077-af95-941ea96eeab5" testListId="8c84fa94-04c1-424b-9868-57a2d4851a1d" />
    <TestEntry testId="3b006128-2948-cf76-86ec-98d93a379191" executionId="0ea59451-9c4c-4353-979d-b515a25b6685" testListId="8c84fa94-04c1-424b-9868-57a2d4851a1d" />
    <TestEntry testId="46e319cb-0421-1f4a-1056-db72b3993834" executionId="cb742cc6-f609-4659-a734-84f4ba56c8be" testListId="8c84fa94-04c1-424b-9868-57a2d4851a1d" />
    <TestEntry testId="6ce7f7e1-fe3e-e084-3778-479f90467b88" executionId="2b43a211-019a-4970-8c48-a7bc33826bef" testListId="8c84fa94-04c1-424b-9868-57a2d4851a1d" />
    <TestEntry testId="6d4e09cf-9c1d-1e55-03c9-60251b84bbef" executionId="86eb053a-7ed6-4420-be45-048fbac6d309" testListId="8c84fa94-04c1-424b-9868-57a2d4851a1d" />
    <TestEntry testId="86d25d44-6224-9cbc-ea89-23988cb4614f" executionId="e49a8a57-b6fd-4782-bb9f-ad513f35b513" testListId="8c84fa94-04c1-424b-9868-57a2d4851a1d" />
    <TestEntry testId="9b66693b-2e2e-0f82-0a04-afeb92bfcc12" executionId="3aca9006-6f68-4248-a3b7-ae5aea475dc3" testListId="8c84fa94-04c1-424b-9868-57a2d4851a1d" />
    <TestEntry testId="9b959c35-2cab-9812-b76a-d7da18059ebd" executionId="8153a569-9b44-4ddb-bdf3-9884c2f18cc5" testListId="8c84fa94-04c1-424b-9868-57a2d4851a1d" />
    <TestEntry testId="ba7c1cb3-1ba5-8eb4-5fbe-89a321332816" executionId="4f1a9377-9eb9-4f6e-a6f0-472f82fb95db" testListId="8c84fa94-04c1-424b-9868-57a2d4851a1d" />
    <TestEntry testId="c7eb11d7-a8bb-ec7a-7171-79db4643b703" executionId="a11e2c36-3b18-46a8-9c89-25ce4e0f263f" testListId="8c84fa94-04c1-424b-9868-57a2d4851a1d" />
    <TestEntry testId="e90202cf-a8be-6544-8cde-0df3d0349c09" executionId="485c2227-8c28-4d4c-8d30-727434e702e3" testListId="8c84fa94-04c1-424b-9868-57a2d4851a1d" />
  </TestEntries>
  <Results>
    <UnitTestResult executionId="92325a5a-7aa6-4eec-b7c2-ac2add3ba721" testId="20261552-5441-6ecc-2652-f1a79670a0bf" testName="TestCalculateRelativeSpeed_Setup3" computerName="BRIAN-PC" duration="00:00:00.0329475" startTime="2014-01-28T00:02:25.1415577+00:00" endTime="2014-01-28T00:02:25.9126018+00:00" testType="13cdc9d9-ddb5-4fa4-a97d-d965ccfc6d4b" outcome="Passed" testListId="8c84fa94-04c1-424b-9868-57a2d4851a1d" relativeResultsDirectory="92325a5a-7aa6-4eec-b7c2-ac2add3ba721">
    </UnitTestResult>
    <UnitTestResult executionId="ae48af95-f721-4077-af95-941ea96eeab5" testId="20bd8ded-b914-b75f-d4b4-8459a2dc5256" testName="TestCalculateRelativeSpeed_Setup2" computerName="BRIAN-PC" duration="00:00:00.0009258" startTime="2014-01-28T00:02:25.9236024+00:00" endTime="2014-01-28T00:02:25.9316029+00:00" testType="13cdc9d9-ddb5-4fa4-a97d-d965ccfc6d4b" outcome="Passed" testListId="8c84fa94-04c1-424b-9868-57a2d4851a1d" relativeResultsDirectory="ae48af95-f721-4077-af95-941ea96eeab5">
    </UnitTestResult>
    <UnitTestResult executionId="0ea59451-9c4c-4353-979d-b515a25b6685" testId="3b006128-2948-cf76-86ec-98d93a379191" testName="TestNewWaveStatistics_S_S_Three" computerName="BRIAN-PC" duration="00:00:00.0006222" startTime="2014-01-28T00:02:25.9406034+00:00" endTime="2014-01-28T00:02:25.9546042+00:00" testType="13cdc9d9-ddb5-4fa4-a97d-d965ccfc6d4b" outcome="Passed" testListId="8c84fa94-04c1-424b-9868-57a2d4851a1d" relativeResultsDirectory="0ea59451-9c4c-4353-979d-b515a25b6685">
    </UnitTestResult>
    <UnitTestResult executionId="cb742cc6-f609-4659-a734-84f4ba56c8be" testId="46e319cb-0421-1f4a-1056-db72b3993834" testName="TestCalculateRelativeSpeed_Setup1" computerName="BRIAN-PC" duration="00:00:00.0067399" startTime="2014-01-28T00:02:25.9626047+00:00" endTime="2014-01-28T00:02:25.9726052+00:00" testType="13cdc9d9-ddb5-4fa4-a97d-d965ccfc6d4b" outcome="Passed" testListId="8c84fa94-04c1-424b-9868-57a2d4851a1d" relativeResultsDirectory="cb742cc6-f609-4659-a734-84f4ba56c8be">
    </UnitTestResult>
    <UnitTestResult executionId="2b43a211-019a-4970-8c48-a7bc33826bef" testId="6ce7f7e1-fe3e-e084-3778-479f90467b88" testName="TestSelectRangeForHeight_S_S_Six" computerName="BRIAN-PC" duration="00:00:00.0003891" startTime="2014-01-28T00:02:25.9806057+00:00" endTime="2014-01-28T00:02:25.9926064+00:00" testType="13cdc9d9-ddb5-4fa4-a97d-d965ccfc6d4b" outcome="Passed" testListId="8c84fa94-04c1-424b-9868-57a2d4851a1d" relativeResultsDirectory="2b43a211-019a-4970-8c48-a7bc33826bef">
    </UnitTestResult>
    <UnitTestResult executionId="86eb053a-7ed6-4420-be45-048fbac6d309" testId="6d4e09cf-9c1d-1e55-03c9-60251b84bbef" testName="TestNewWaveStatistics_S_S_Six" computerName="BRIAN-PC" duration="00:00:00.0005196" startTime="2014-01-28T00:02:26.0006068+00:00" endTime="2014-01-28T00:02:26.0106074+00:00" testType="13cdc9d9-ddb5-4fa4-a97d-d965ccfc6d4b" outcome="Passed" testListId="8c84fa94-04c1-424b-9868-57a2d4851a1d" relativeResultsDirectory="86eb053a-7ed6-4420-be45-048fbac6d309">
    </UnitTestResult>
    <UnitTestResult executionId="e49a8a57-b6fd-4782-bb9f-ad513f35b513" testId="86d25d44-6224-9cbc-ea89-23988cb4614f" testName="TestSelectRangeForWaveSpeed_S_S_Six" computerName="BRIAN-PC" duration="00:00:00.0047235" startTime="2014-01-28T00:02:26.0286084+00:00" endTime="2014-01-28T00:02:26.0466095+00:00" testType="13cdc9d9-ddb5-4fa4-a97d-d965ccfc6d4b" outcome="Passed" testListId="8c84fa94-04c1-424b-9868-57a2d4851a1d" relativeResultsDirectory="e49a8a57-b6fd-4782-bb9f-ad513f35b513">
    </UnitTestResult>
    <UnitTestResult executionId="3aca9006-6f68-4248-a3b7-ae5aea475dc3" testId="9b66693b-2e2e-0f82-0a04-afeb92bfcc12" testName="TestSelectRangeForWavelength_S_S_Six" computerName="BRIAN-PC" duration="00:00:00.0002722" startTime="2014-01-28T00:02:26.0686107+00:00" endTime="2014-01-28T00:02:26.0756111+00:00" testType="13cdc9d9-ddb5-4fa4-a97d-d965ccfc6d4b" outcome="Passed" testListId="8c84fa94-04c1-424b-9868-57a2d4851a1d" relativeResultsDirectory="3aca9006-6f68-4248-a3b7-ae5aea475dc3">
    </UnitTestResult>
    <UnitTestResult executionId="8153a569-9b44-4ddb-bdf3-9884c2f18cc5" testId="9b959c35-2cab-9812-b76a-d7da18059ebd" testName="TestSelectRangeForHeight_S_S_Three" computerName="BRIAN-PC" duration="00:00:00.0045118" startTime="2014-01-28T00:02:26.0836116+00:00" endTime="2014-01-28T00:02:26.1026127+00:00" testType="13cdc9d9-ddb5-4fa4-a97d-d965ccfc6d4b" outcome="Passed" testListId="8c84fa94-04c1-424b-9868-57a2d4851a1d" relativeResultsDirectory="8153a569-9b44-4ddb-bdf3-9884c2f18cc5">
    </UnitTestResult>
    <UnitTestResult executionId="4f1a9377-9eb9-4f6e-a6f0-472f82fb95db" testId="ba7c1cb3-1ba5-8eb4-5fbe-89a321332816" testName="TestNewWaveStatistics_S_S_Zero" computerName="BRIAN-PC" duration="00:00:00.0016483" startTime="2014-01-28T00:02:26.1176135+00:00" endTime="2014-01-28T00:02:26.1336144+00:00" testType="13cdc9d9-ddb5-4fa4-a97d-d965ccfc6d4b" outcome="Passed" testListId="8c84fa94-04c1-424b-9868-57a2d4851a1d" relativeResultsDirectory="4f1a9377-9eb9-4f6e-a6f0-472f82fb95db">
    </UnitTestResult>
    <UnitTestResult executionId="a11e2c36-3b18-46a8-9c89-25ce4e0f263f" testId="c7eb11d7-a8bb-ec7a-7171-79db4643b703" testName="TestSelectRangeForWavelength_S_S_Three" computerName="BRIAN-PC" duration="00:00:00.0076658" startTime="2014-01-28T00:02:26.1396148+00:00" endTime="2014-01-28T00:02:26.1536156+00:00" testType="13cdc9d9-ddb5-4fa4-a97d-d965ccfc6d4b" outcome="Passed" testListId="8c84fa94-04c1-424b-9868-57a2d4851a1d" relativeResultsDirectory="a11e2c36-3b18-46a8-9c89-25ce4e0f263f">
    </UnitTestResult>
    <UnitTestResult executionId="485c2227-8c28-4d4c-8d30-727434e702e3" testId="e90202cf-a8be-6544-8cde-0df3d0349c09" testName="TestSelectRangeForWaveSpeed_S_S_Three" computerName="BRIAN-PC" duration="00:00:00.0002742" startTime="2014-01-28T00:02:26.1936179+00:00" endTime="2014-01-28T00:02:26.2786227+00:00" testType="13cdc9d9-ddb5-4fa4-a97d-d965ccfc6d4b" outcome="Passed" testListId="8c84fa94-04c1-424b-9868-57a2d4851a1d" relativeResultsDirectory="485c2227-8c28-4d4c-8d30-727434e702e3">
    </UnitTestResult>
  </Results>
</TestRun>